Archive member included to satisfy reference by file (symbol)

c:/ac6/systemworkbench/plugins/fr.ac6.mcu.externaltools.arm-none.win32_1.13.1.201701261202/tools/compiler/bin/../lib/gcc/arm-none-eabi/5.4.1/../../../../arm-none-eabi/lib/armv7e-m/fpu\libc_nano.a(lib_a-exit.o)
                              c:/ac6/systemworkbench/plugins/fr.ac6.mcu.externaltools.arm-none.win32_1.13.1.201701261202/tools/compiler/bin/../lib/gcc/arm-none-eabi/5.4.1/../../../../arm-none-eabi/lib/armv7e-m/fpu/crt0.o (exit)
c:/ac6/systemworkbench/plugins/fr.ac6.mcu.externaltools.arm-none.win32_1.13.1.201701261202/tools/compiler/bin/../lib/gcc/arm-none-eabi/5.4.1/../../../../arm-none-eabi/lib/armv7e-m/fpu\libc_nano.a(lib_a-impure.o)
                              c:/ac6/systemworkbench/plugins/fr.ac6.mcu.externaltools.arm-none.win32_1.13.1.201701261202/tools/compiler/bin/../lib/gcc/arm-none-eabi/5.4.1/../../../../arm-none-eabi/lib/armv7e-m/fpu\libc_nano.a(lib_a-exit.o) (_global_impure_ptr)
c:/ac6/systemworkbench/plugins/fr.ac6.mcu.externaltools.arm-none.win32_1.13.1.201701261202/tools/compiler/bin/../lib/gcc/arm-none-eabi/5.4.1/../../../../arm-none-eabi/lib/armv7e-m/fpu\libc_nano.a(lib_a-init.o)
                              c:/ac6/systemworkbench/plugins/fr.ac6.mcu.externaltools.arm-none.win32_1.13.1.201701261202/tools/compiler/bin/../lib/gcc/arm-none-eabi/5.4.1/../../../../arm-none-eabi/lib/armv7e-m/fpu/crt0.o (__libc_init_array)
c:/ac6/systemworkbench/plugins/fr.ac6.mcu.externaltools.arm-none.win32_1.13.1.201701261202/tools/compiler/bin/../lib/gcc/arm-none-eabi/5.4.1/../../../../arm-none-eabi/lib/armv7e-m/fpu\libc_nano.a(lib_a-malloc.o)
                              Src/tm_stm32f4_delay.o (malloc)
c:/ac6/systemworkbench/plugins/fr.ac6.mcu.externaltools.arm-none.win32_1.13.1.201701261202/tools/compiler/bin/../lib/gcc/arm-none-eabi/5.4.1/../../../../arm-none-eabi/lib/armv7e-m/fpu\libc_nano.a(lib_a-memset.o)
                              c:/ac6/systemworkbench/plugins/fr.ac6.mcu.externaltools.arm-none.win32_1.13.1.201701261202/tools/compiler/bin/../lib/gcc/arm-none-eabi/5.4.1/../../../../arm-none-eabi/lib/armv7e-m/fpu/crt0.o (memset)
c:/ac6/systemworkbench/plugins/fr.ac6.mcu.externaltools.arm-none.win32_1.13.1.201701261202/tools/compiler/bin/../lib/gcc/arm-none-eabi/5.4.1/../../../../arm-none-eabi/lib/armv7e-m/fpu\libc_nano.a(lib_a-nano-freer.o)
                              c:/ac6/systemworkbench/plugins/fr.ac6.mcu.externaltools.arm-none.win32_1.13.1.201701261202/tools/compiler/bin/../lib/gcc/arm-none-eabi/5.4.1/../../../../arm-none-eabi/lib/armv7e-m/fpu\libc_nano.a(lib_a-malloc.o) (_free_r)
c:/ac6/systemworkbench/plugins/fr.ac6.mcu.externaltools.arm-none.win32_1.13.1.201701261202/tools/compiler/bin/../lib/gcc/arm-none-eabi/5.4.1/../../../../arm-none-eabi/lib/armv7e-m/fpu\libc_nano.a(lib_a-nano-mallocr.o)
                              c:/ac6/systemworkbench/plugins/fr.ac6.mcu.externaltools.arm-none.win32_1.13.1.201701261202/tools/compiler/bin/../lib/gcc/arm-none-eabi/5.4.1/../../../../arm-none-eabi/lib/armv7e-m/fpu\libc_nano.a(lib_a-malloc.o) (_malloc_r)
c:/ac6/systemworkbench/plugins/fr.ac6.mcu.externaltools.arm-none.win32_1.13.1.201701261202/tools/compiler/bin/../lib/gcc/arm-none-eabi/5.4.1/../../../../arm-none-eabi/lib/armv7e-m/fpu\libc_nano.a(lib_a-sbrkr.o)
                              c:/ac6/systemworkbench/plugins/fr.ac6.mcu.externaltools.arm-none.win32_1.13.1.201701261202/tools/compiler/bin/../lib/gcc/arm-none-eabi/5.4.1/../../../../arm-none-eabi/lib/armv7e-m/fpu\libc_nano.a(lib_a-nano-mallocr.o) (_sbrk_r)
c:/ac6/systemworkbench/plugins/fr.ac6.mcu.externaltools.arm-none.win32_1.13.1.201701261202/tools/compiler/bin/../lib/gcc/arm-none-eabi/5.4.1/../../../../arm-none-eabi/lib/armv7e-m/fpu\libc_nano.a(lib_a-mlock.o)
                              c:/ac6/systemworkbench/plugins/fr.ac6.mcu.externaltools.arm-none.win32_1.13.1.201701261202/tools/compiler/bin/../lib/gcc/arm-none-eabi/5.4.1/../../../../arm-none-eabi/lib/armv7e-m/fpu\libc_nano.a(lib_a-nano-freer.o) (__malloc_lock)
c:/ac6/systemworkbench/plugins/fr.ac6.mcu.externaltools.arm-none.win32_1.13.1.201701261202/tools/compiler/bin/../lib/gcc/arm-none-eabi/5.4.1/../../../../arm-none-eabi/lib/armv7e-m/fpu\libc_nano.a(lib_a-reent.o)
                              c:/ac6/systemworkbench/plugins/fr.ac6.mcu.externaltools.arm-none.win32_1.13.1.201701261202/tools/compiler/bin/../lib/gcc/arm-none-eabi/5.4.1/../../../../arm-none-eabi/lib/armv7e-m/fpu\libc_nano.a(lib_a-sbrkr.o) (errno)
c:/ac6/systemworkbench/plugins/fr.ac6.mcu.externaltools.arm-none.win32_1.13.1.201701261202/tools/compiler/bin/../lib/gcc/arm-none-eabi/5.4.1/../../../../arm-none-eabi/lib/armv7e-m/fpu\libnosys.a(sbrk.o)
                              c:/ac6/systemworkbench/plugins/fr.ac6.mcu.externaltools.arm-none.win32_1.13.1.201701261202/tools/compiler/bin/../lib/gcc/arm-none-eabi/5.4.1/../../../../arm-none-eabi/lib/armv7e-m/fpu\libc_nano.a(lib_a-sbrkr.o) (_sbrk)
[...]
Memory Configuration

Name             Origin             Length             Attributes
RAM              0x20000000         0x00020000         xrw
FLASH            0x08000000         0x00080000         xr
*default*        0x00000000         0xffffffff

Linker script and memory map

LOAD c:/ac6/systemworkbench/plugins/fr.ac6.mcu.externaltools.arm-none.win32_1.13.1.201701261202/tools/compiler/bin/../lib/gcc/arm-none-eabi/5.4.1/armv7e-m/fpu/crti.o
LOAD c:/ac6/systemworkbench/plugins/fr.ac6.mcu.externaltools.arm-none.win32_1.13.1.201701261202/tools/compiler/bin/../lib/gcc/arm-none-eabi/5.4.1/armv7e-m/fpu/crtbegin.o
LOAD c:/ac6/systemworkbench/plugins/fr.ac6.mcu.externaltools.arm-none.win32_1.13.1.201701261202/tools/compiler/bin/../lib/gcc/arm-none-eabi/5.4.1/../../../../arm-none-eabi/lib/armv7e-m/fpu/crt0.o
LOAD c:/ac6/systemworkbench/plugins/fr.ac6.mcu.externaltools.arm-none.win32_1.13.1.201701261202/tools/compiler/bin/../lib/gcc/arm-none-eabi/5.4.1/../../../../arm-none-eabi/lib/armv7e-m/fpu\libm.a
LOAD Drivers/STM32F4xx_HAL_Driver/Src/stm32f4xx_hal.o
LOAD Drivers/STM32F4xx_HAL_Driver/Src/stm32f4xx_hal_cortex.o
LOAD Drivers/STM32F4xx_HAL_Driver/Src/stm32f4xx_hal_dma.o
LOAD Drivers/STM32F4xx_HAL_Driver/Src/stm32f4xx_hal_dma_ex.o
LOAD Drivers/STM32F4xx_HAL_Driver/Src/stm32f4xx_hal_flash.o
LOAD Drivers/STM32F4xx_HAL_Driver/Src/stm32f4xx_hal_flash_ex.o
LOAD Drivers/STM32F4xx_HAL_Driver/Src/stm32f4xx_hal_flash_ramfunc.o
LOAD Drivers/STM32F4xx_HAL_Driver/Src/stm32f4xx_hal_gpio.o
LOAD Drivers/STM32F4xx_HAL_Driver/Src/stm32f4xx_hal_pwr.o
LOAD Drivers/STM32F4xx_HAL_Driver/Src/stm32f4xx_hal_pwr_ex.o
LOAD Drivers/STM32F4xx_HAL_Driver/Src/stm32f4xx_hal_rcc.o
LOAD Drivers/STM32F4xx_HAL_Driver/Src/stm32f4xx_hal_rcc_ex.o
LOAD Drivers/STM32F4xx_HAL_Driver/Src/stm32f4xx_hal_tim.o
LOAD Drivers/STM32F4xx_HAL_Driver/Src/stm32f4xx_hal_tim_ex.o
LOAD Src/main.o
LOAD Src/stm32f4xx_hal_msp.o
LOAD Src/system_stm32f4xx.o
LOAD Src/tm_stm32f4_delay.o
LOAD Src/tm_stm32f4_ds18b20.o
LOAD Src/tm_stm32f4_gpio.o
LOAD Src/tm_stm32f4_onewire.o
LOAD startup/startup_stm32f411xe.o
START GROUP
LOAD c:/ac6/systemworkbench/plugins/fr.ac6.mcu.externaltools.arm-none.win32_1.13.1.201701261202/tools/compiler/bin/../lib/gcc/arm-none-eabi/5.4.1/armv7e-m/fpu\libgcc.a
LOAD c:/ac6/systemworkbench/plugins/fr.ac6.mcu.externaltools.arm-none.win32_1.13.1.201701261202/tools/compiler/bin/../lib/gcc/arm-none-eabi/5.4.1/../../../../arm-none-eabi/lib/armv7e-m/fpu\libc_nano.a
END GROUP
START GROUP
LOAD c:/ac6/systemworkbench/plugins/fr.ac6.mcu.externaltools.arm-none.win32_1.13.1.201701261202/tools/compiler/bin/../lib/gcc/arm-none-eabi/5.4.1/armv7e-m/fpu\libgcc.a
LOAD c:/ac6/systemworkbench/plugins/fr.ac6.mcu.externaltools.arm-none.win32_1.13.1.201701261202/tools/compiler/bin/../lib/gcc/arm-none-eabi/5.4.1/../../../../arm-none-eabi/lib/armv7e-m/fpu\libc_nano.a
LOAD c:/ac6/systemworkbench/plugins/fr.ac6.mcu.externaltools.arm-none.win32_1.13.1.201701261202/tools/compiler/bin/../lib/gcc/arm-none-eabi/5.4.1/../../../../arm-none-eabi/lib/armv7e-m/fpu\libnosys.a
END GROUP
START GROUP
LOAD c:/ac6/systemworkbench/plugins/fr.ac6.mcu.externaltools.arm-none.win32_1.13.1.201701261202/tools/compiler/bin/../lib/gcc/arm-none-eabi/5.4.1/armv7e-m/fpu\libgcc.a
LOAD c:/ac6/systemworkbench/plugins/fr.ac6.mcu.externaltools.arm-none.win32_1.13.1.201701261202/tools/compiler/bin/../lib/gcc/arm-none-eabi/5.4.1/../../../../arm-none-eabi/lib/armv7e-m/fpu\libc_nano.a
LOAD c:/ac6/systemworkbench/plugins/fr.ac6.mcu.externaltools.arm-none.win32_1.13.1.201701261202/tools/compiler/bin/../lib/gcc/arm-none-eabi/5.4.1/../../../../arm-none-eabi/lib/armv7e-m/fpu\libnosys.a
END GROUP
LOAD c:/ac6/systemworkbench/plugins/fr.ac6.mcu.externaltools.arm-none.win32_1.13.1.201701261202/tools/compiler/bin/../lib/gcc/arm-none-eabi/5.4.1/armv7e-m/fpu/crtend.o
LOAD c:/ac6/systemworkbench/plugins/fr.ac6.mcu.externaltools.arm-none.win32_1.13.1.201701261202/tools/compiler/bin/../lib/gcc/arm-none-eabi/5.4.1/armv7e-m/fpu/crtn.o
                0x20020000                _estack = 0x20020000
                0x00000200                _Min_Heap_Size = 0x200
                0x00000400                _Min_Stack_Size = 0x400

.isr_vector     0x08000000      0x198
                0x08000000                . = ALIGN (0x4)
 *(.isr_vector)
 .isr_vector    0x08000000      0x198 startup/startup_stm32f411xe.o
                0x08000000                g_pfnVectors
                0x08000198                . = ALIGN (0x4)

.text           0x08000198     0x1144
                0x08000198                . = ALIGN (0x4)
 *(.text)
 .text          0x08000198       0x5c c:/ac6/systemworkbench/plugins/fr.ac6.mcu.externaltools.arm-none.win32_1.13.1.201701261202/tools/compiler/bin/../lib/gcc/arm-none-eabi/5.4.1/armv7e-m/fpu/crtbegin.o
 *(.text*)
 .text.HAL_InitTick
                0x080001f4       0x28 Drivers/STM32F4xx_HAL_Driver/Src/stm32f4xx_hal.o
                0x080001f4                HAL_InitTick
 .text.HAL_Init
                0x0800021c       0x34 Drivers/STM32F4xx_HAL_Driver/Src/stm32f4xx_hal.o
                0x0800021c                HAL_Init
 .text.HAL_GetTick
                0x08000250        0xc Drivers/STM32F4xx_HAL_Driver/Src/stm32f4xx_hal.o
                0x08000250                HAL_GetTick
 .text.HAL_NVIC_SetPriorityGrouping
                0x0800025c       0x24 Drivers/STM32F4xx_HAL_Driver/Src/stm32f4xx_hal_cortex.o
                0x0800025c                HAL_NVIC_SetPriorityGrouping
 .text.HAL_NVIC_SetPriority
                0x08000280       0x68 Drivers/STM32F4xx_HAL_Driver/Src/stm32f4xx_hal_cortex.o
                0x08000280                HAL_NVIC_SetPriority
 .text.HAL_SYSTICK_Config
                0x080002e8       0x2c Drivers/STM32F4xx_HAL_Driver/Src/stm32f4xx_hal_cortex.o
                0x080002e8                HAL_SYSTICK_Config
 .text.HAL_SYSTICK_CLKSourceConfig
                0x08000314       0x18 Drivers/STM32F4xx_HAL_Driver/Src/stm32f4xx_hal_cortex.o
                0x08000314                HAL_SYSTICK_CLKSourceConfig
 .text.HAL_GPIO_WritePin
                0x0800032c        0x8 Drivers/STM32F4xx_HAL_Driver/Src/stm32f4xx_hal_gpio.o
                0x0800032c                HAL_GPIO_WritePin
 .text.HAL_GPIO_TogglePin
                0x08000334        0x8 Drivers/STM32F4xx_HAL_Driver/Src/stm32f4xx_hal_gpio.o
                0x08000334                HAL_GPIO_TogglePin
 .text.HAL_RCC_OscConfig
                0x0800033c      0x31c Drivers/STM32F4xx_HAL_Driver/Src/stm32f4xx_hal_rcc.o
                0x0800033c                HAL_RCC_OscConfig
 .text.HAL_RCC_GetSysClockFreq
                0x08000658       0x7c Drivers/STM32F4xx_HAL_Driver/Src/stm32f4xx_hal_rcc.o
                0x08000658                HAL_RCC_GetSysClockFreq
 .text.HAL_RCC_ClockConfig
                0x080006d4      0x168 Drivers/STM32F4xx_HAL_Driver/Src/stm32f4xx_hal_rcc.o
                0x080006d4                HAL_RCC_ClockConfig
 .text.HAL_RCC_GetHCLKFreq
                0x0800083c        0xc Drivers/STM32F4xx_HAL_Driver/Src/stm32f4xx_hal_rcc.o
                0x0800083c                HAL_RCC_GetHCLKFreq
 .text.SystemClock_Config
                0x08000848       0x94 Src/main.o
                0x08000848                SystemClock_Config
 .text.startup.main
                0x080008dc       0xc8 Src/main.o
                0x080008dc                main
 .text.HAL_MspInit
                0x080009a4       0x60 Src/stm32f4xx_hal_msp.o
                0x080009a4                HAL_MspInit
 .text.SystemInit
                0x08000a04       0x4c Src/system_stm32f4xx.o
                0x08000a04                SystemInit
 .text.SysTick_Handler
                0x08000a50       0x58 Src/tm_stm32f4_delay.o
                0x08000a50                SysTick_Handler
 .text.TM_DELAY_Init
                0x08000aa8       0x58 Src/tm_stm32f4_delay.o
                0x08000aa8                TM_DELAY_Init
 .text.TM_DS18B20_StartAll
                0x08000b00       0x1c Src/tm_stm32f4_ds18b20.o
                0x08000b00                TM_DS18B20_StartAll
 .text.TM_DS18B20_Read
                0x08000b1c      0x104 Src/tm_stm32f4_ds18b20.o
                0x08000b1c                TM_DS18B20_Read
 .text.TM_DS18B20_SetResolution
                0x08000c20       0xd0 Src/tm_stm32f4_ds18b20.o
                0x08000c20                TM_DS18B20_SetResolution
 .text.TM_DS18B20_SetAlarmHighTemperature
                0x08000cf0       0xaa Src/tm_stm32f4_ds18b20.o
                0x08000cf0                TM_DS18B20_SetAlarmHighTemperature
 .text.TM_DS18B20_DisableAlarmTemperature
                0x08000d9a       0x8c Src/tm_stm32f4_ds18b20.o
                0x08000d9a                TM_DS18B20_DisableAlarmTemperature
 .text.TM_DS18B20_AllDone
                0x08000e26        0x4 Src/tm_stm32f4_ds18b20.o
                0x08000e26                TM_DS18B20_AllDone
 .text.TM_GPIO_SetPinAsInput
                0x08000e2a       0x24 Src/tm_stm32f4_gpio.o
                0x08000e2a                TM_GPIO_SetPinAsInput
 .text.TM_GPIO_SetPinAsOutput
                0x08000e4e       0x2c Src/tm_stm32f4_gpio.o
                0x08000e4e                TM_GPIO_SetPinAsOutput
 *fill*         0x08000e7a        0x2 
 .text.TM_GPIO_INT_EnableClock
                0x08000e7c       0x20 Src/tm_stm32f4_gpio.o
                0x08000e7c                TM_GPIO_INT_EnableClock
 .text.TM_GPIO_INT_Init
                0x08000e9c       0xc4 Src/tm_stm32f4_gpio.o
                0x08000e9c                TM_GPIO_INT_Init
 .text.TM_GPIO_Init
                0x08000f60       0x36 Src/tm_stm32f4_gpio.o
                0x08000f60                TM_GPIO_Init
 *fill*         0x08000f96        0x2 
 .text.Delay.isra.0
                0x08000f98       0x2c Src/tm_stm32f4_onewire.o
 .text.TM_OneWire_Init
                0x08000fc4       0x26 Src/tm_stm32f4_onewire.o
                0x08000fc4                TM_OneWire_Init
 .text.TM_OneWire_Reset
                0x08000fea       0x3a Src/tm_stm32f4_onewire.o
                0x08000fea                TM_OneWire_Reset
 .text.TM_OneWire_WriteBit
                0x08001024       0x2e Src/tm_stm32f4_onewire.o
                0x08001024                TM_OneWire_WriteBit
 .text.TM_OneWire_ReadBit
                0x08001052       0x34 Src/tm_stm32f4_onewire.o
                0x08001052                TM_OneWire_ReadBit
 .text.TM_OneWire_WriteByte
                0x08001086       0x20 Src/tm_stm32f4_onewire.o
                0x08001086                TM_OneWire_WriteByte
 .text.TM_OneWire_ReadByte
                0x080010a6       0x24 Src/tm_stm32f4_onewire.o
                0x080010a6                TM_OneWire_ReadByte
 .text.TM_OneWire_Search
                0x080010ca       0xd6 Src/tm_stm32f4_onewire.o
                0x080010ca                TM_OneWire_Search
 .text.TM_OneWire_First
                0x080011a0        0xe Src/tm_stm32f4_onewire.o
                0x080011a0                TM_OneWire_First
 .text.TM_OneWire_Next
                0x080011ae        0x6 Src/tm_stm32f4_onewire.o
                0x080011ae                TM_OneWire_Next
 .text.TM_OneWire_SelectWithPointer
                0x080011b4       0x20 Src/tm_stm32f4_onewire.o
                0x080011b4                TM_OneWire_SelectWithPointer
 .text.TM_OneWire_GetFullROM
                0x080011d4       0x16 Src/tm_stm32f4_onewire.o
                0x080011d4                TM_OneWire_GetFullROM
 .text.TM_OneWire_CRC8
                0x080011ea       0x38 Src/tm_stm32f4_onewire.o
                0x080011ea                TM_OneWire_CRC8
 *fill*         0x08001222        0x2 
 .text.Reset_Handler
                0x08001224       0x50 startup/startup_stm32f411xe.o
                0x08001224                Reset_Handler
 .text.Default_Handler
                0x08001274        0x2 startup/startup_stm32f411xe.o
                0x08001274                RTC_Alarm_IRQHandler
                0x08001274                EXTI2_IRQHandler
                0x08001274                DebugMon_Handler
                0x08001274                SPI4_IRQHandler
                0x08001274                TIM1_CC_IRQHandler
                0x08001274                DMA2_Stream5_IRQHandler
                0x08001274                HardFault_Handler
                0x08001274                DMA1_Stream5_IRQHandler
                0x08001274                PVD_IRQHandler
                0x08001274                SDIO_IRQHandler
                0x08001274                TAMP_STAMP_IRQHandler
                0x08001274                PendSV_Handler
                0x08001274                NMI_Handler
                0x08001274                EXTI3_IRQHandler
                0x08001274                TIM1_UP_TIM10_IRQHandler
                0x08001274                I2C3_ER_IRQHandler
                0x08001274                EXTI0_IRQHandler
                0x08001274                I2C2_EV_IRQHandler
                0x08001274                DMA1_Stream2_IRQHandler
                0x08001274                FPU_IRQHandler
                0x08001274                UsageFault_Handler
                0x08001274                DMA2_Stream2_IRQHandler
                0x08001274                SPI1_IRQHandler
                0x08001274                TIM1_BRK_TIM9_IRQHandler
                0x08001274                DMA2_Stream3_IRQHandler
                0x08001274                USART6_IRQHandler
                0x08001274                DMA2_Stream0_IRQHandler
                0x08001274                TIM4_IRQHandler
                0x08001274                I2C1_EV_IRQHandler
                0x08001274                DMA1_Stream6_IRQHandler
                0x08001274                DMA1_Stream1_IRQHandler
                0x08001274                TIM3_IRQHandler
                0x08001274                RCC_IRQHandler
                0x08001274                Default_Handler
                0x08001274                EXTI15_10_IRQHandler
                0x08001274                ADC_IRQHandler
                0x08001274                DMA1_Stream7_IRQHandler
                0x08001274                SPI5_IRQHandler
                0x08001274                TIM5_IRQHandler
                0x08001274                DMA2_Stream7_IRQHandler
                0x08001274                I2C3_EV_IRQHandler
                0x08001274                EXTI9_5_IRQHandler
                0x08001274                RTC_WKUP_IRQHandler
                0x08001274                SPI2_IRQHandler
                0x08001274                MemManage_Handler
                0x08001274                DMA1_Stream0_IRQHandler
                0x08001274                SVC_Handler
                0x08001274                EXTI4_IRQHandler
                0x08001274                WWDG_IRQHandler
                0x08001274                TIM2_IRQHandler
                0x08001274                OTG_FS_WKUP_IRQHandler
                0x08001274                TIM1_TRG_COM_TIM11_IRQHandler
                0x08001274                EXTI1_IRQHandler
                0x08001274                USART2_IRQHandler
                0x08001274                I2C2_ER_IRQHandler
                0x08001274                DMA2_Stream1_IRQHandler
                0x08001274                FLASH_IRQHandler
                0x08001274                DMA2_Stream4_IRQHandler
                0x08001274                BusFault_Handler
                0x08001274                USART1_IRQHandler
                0x08001274                OTG_FS_IRQHandler
                0x08001274                SPI3_IRQHandler
                0x08001274                DMA1_Stream4_IRQHandler
                0x08001274                I2C1_ER_IRQHandler
                0x08001274                DMA2_Stream6_IRQHandler
                0x08001274                DMA1_Stream3_IRQHandler
 *fill*         0x08001276        0x2 
 .text.__libc_init_array
                0x08001278       0x4c c:/ac6/systemworkbench/plugins/fr.ac6.mcu.externaltools.arm-none.win32_1.13.1.201701261202/tools/compiler/bin/../lib/gcc/arm-none-eabi/5.4.1/../../../../arm-none-eabi/lib/armv7e-m/fpu\libc_nano.a(lib_a-init.o)
                0x08001278                __libc_init_array
 *(.glue_7)
 .glue_7        0x080012c4        0x0 linker stubs
 *(.glue_7t)
 .glue_7t       0x080012c4        0x0 linker stubs
 *(.eh_frame)
 .eh_frame      0x080012c4        0x0 c:/ac6/systemworkbench/plugins/fr.ac6.mcu.externaltools.arm-none.win32_1.13.1.201701261202/tools/compiler/bin/../lib/gcc/arm-none-eabi/5.4.1/armv7e-m/fpu/crtbegin.o
 *(.init)
 .init          0x080012c4        0x4 c:/ac6/systemworkbench/plugins/fr.ac6.mcu.externaltools.arm-none.win32_1.13.1.201701261202/tools/compiler/bin/../lib/gcc/arm-none-eabi/5.4.1/armv7e-m/fpu/crti.o
                0x080012c4                _init
 .init          0x080012c8        0x8 c:/ac6/systemworkbench/plugins/fr.ac6.mcu.externaltools.arm-none.win32_1.13.1.201701261202/tools/compiler/bin/../lib/gcc/arm-none-eabi/5.4.1/armv7e-m/fpu/crtn.o
 *(.fini)
 .fini          0x080012d0        0x4 c:/ac6/systemworkbench/plugins/fr.ac6.mcu.externaltools.arm-none.win32_1.13.1.201701261202/tools/compiler/bin/../lib/gcc/arm-none-eabi/5.4.1/armv7e-m/fpu/crti.o
                0x080012d0                _fini
 .fini          0x080012d4        0x8 c:/ac6/systemworkbench/plugins/fr.ac6.mcu.externaltools.arm-none.win32_1.13.1.201701261202/tools/compiler/bin/../lib/gcc/arm-none-eabi/5.4.1/armv7e-m/fpu/crtn.o
                0x080012dc                . = ALIGN (0x4)
                0x080012dc                _etext = .

.vfp11_veneer   0x080012dc        0x0
 .vfp11_veneer  0x080012dc        0x0 linker stubs

.v4_bx          0x080012dc        0x0
 .v4_bx         0x080012dc        0x0 linker stubs

.iplt           0x080012dc        0x0
 .iplt          0x080012dc        0x0 c:/ac6/systemworkbench/plugins/fr.ac6.mcu.externaltools.arm-none.win32_1.13.1.201701261202/tools/compiler/bin/../lib/gcc/arm-none-eabi/5.4.1/armv7e-m/fpu/crtbegin.o

.rodata         0x080012dc       0x10
                0x080012dc                . = ALIGN (0x4)
 *(.rodata)
 .rodata        0x080012dc       0x10 Drivers/STM32F4xx_HAL_Driver/Src/stm32f4xx_hal_rcc.o
                0x080012dc                APBAHBPrescTable
 *(.rodata*)
                0x080012ec                . = ALIGN (0x4)

.rel.dyn        0x080012ec        0x0
 .rel.iplt      0x080012ec        0x0 c:/ac6/systemworkbench/plugins/fr.ac6.mcu.externaltools.arm-none.win32_1.13.1.201701261202/tools/compiler/bin/../lib/gcc/arm-none-eabi/5.4.1/armv7e-m/fpu/crtbegin.o

.ARM.extab
 *(.ARM.extab* .gnu.linkonce.armextab.*)

.ARM            0x080012ec        0x0
                0x080012ec                __exidx_start = .
 *(.ARM.exidx*)
                0x080012ec                __exidx_end = .

.preinit_array  0x080012ec        0x0
                0x080012ec                PROVIDE (__preinit_array_start, .)
 *(.preinit_array*)
                0x080012ec                PROVIDE (__preinit_array_end, .)

.init_array     0x080012ec        0x4
                0x080012ec                PROVIDE (__init_array_start, .)
 *(SORT(.init_array.*))
 *(.init_array*)
 .init_array    0x080012ec        0x4 c:/ac6/systemworkbench/plugins/fr.ac6.mcu.externaltools.arm-none.win32_1.13.1.201701261202/tools/compiler/bin/../lib/gcc/arm-none-eabi/5.4.1/armv7e-m/fpu/crtbegin.o
                0x080012f0                PROVIDE (__init_array_end, .)

.fini_array     0x080012f0        0x4
                [!provide]                PROVIDE (__fini_array_start, .)
 *(SORT(.fini_array.*))
 *(.fini_array*)
 .fini_array    0x080012f0        0x4 c:/ac6/systemworkbench/plugins/fr.ac6.mcu.externaltools.arm-none.win32_1.13.1.201701261202/tools/compiler/bin/../lib/gcc/arm-none-eabi/5.4.1/armv7e-m/fpu/crtbegin.o
                [!provide]                PROVIDE (__fini_array_end, .)
                0x080012f4                _sidata = LOADADDR (.data)

.data           0x20000000        0x4 load address 0x080012f4
                0x20000000                . = ALIGN (0x4)
                0x20000000                _sdata = .
 *(.data)
 .data          0x20000000        0x4 Src/system_stm32f4xx.o
                0x20000000                SystemCoreClock
 *(.data*)
                0x20000004                . = ALIGN (0x4)
                0x20000004                _edata = .

.jcr            0x20000004        0x0 load address 0x080012f8
 .jcr           0x20000004        0x0 c:/ac6/systemworkbench/plugins/fr.ac6.mcu.externaltools.arm-none.win32_1.13.1.201701261202/tools/compiler/bin/../lib/gcc/arm-none-eabi/5.4.1/armv7e-m/fpu/crtbegin.o

.igot.plt       0x20000004        0x0 load address 0x080012f8
 .igot.plt      0x20000004        0x0 c:/ac6/systemworkbench/plugins/fr.ac6.mcu.externaltools.arm-none.win32_1.13.1.201701261202/tools/compiler/bin/../lib/gcc/arm-none-eabi/5.4.1/armv7e-m/fpu/crtbegin.o
                0x20000004                . = ALIGN (0x4)

.bss            0x20000004       0x64 load address 0x080012f8
                0x20000004                _sbss = .
                0x20000004                __bss_start__ = _sbss
 *(.bss)
 .bss           0x20000004       0x1c c:/ac6/systemworkbench/plugins/fr.ac6.mcu.externaltools.arm-none.win32_1.13.1.201701261202/tools/compiler/bin/../lib/gcc/arm-none-eabi/5.4.1/armv7e-m/fpu/crtbegin.o
 .bss           0x20000020       0x28 Src/tm_stm32f4_delay.o
                0x20000020                TM_Time
                0x20000024                TM_Time2
                0x20000040                TM_DELAY_Initialized
                0x20000044                TM_TimingDelay
 .bss           0x20000048       0x16 Src/tm_stm32f4_gpio.o
 *(.bss*)
 *(COMMON)
 *fill*         0x2000005e        0x2 
 COMMON         0x20000060        0x4 Drivers/STM32F4xx_HAL_Driver/Src/stm32f4xx_hal.o
                0x20000060                uwTick
 COMMON         0x20000064        0x4 Src/tm_stm32f4_delay.o
                0x20000064                mult
                0x20000068                . = ALIGN (0x4)
                0x20000068                _ebss = .
                0x20000068                __bss_end__ = _ebss

._user_heap_stack
                0x20000068      0x600 load address 0x080012f8
                0x20000068                . = ALIGN (0x8)
                0x20000068                PROVIDE (end, .)
                [!provide]                PROVIDE (_end, .)
                0x20000268                . = (. + _Min_Heap_Size)
 *fill*         0x20000068      0x200 
                0x20000668                . = (. + _Min_Stack_Size)
 *fill*         0x20000268      0x400 
                0x20000668                . = ALIGN (0x8)

/DISCARD/
 libc.a(*)
 libm.a(*)
 libgcc.a(*)

.ARM.attributes
                0x00000000       0x30
 *(.ARM.attributes)
 .ARM.attributes
                0x00000000       0x22 c:/ac6/systemworkbench/plugins/fr.ac6.mcu.externaltools.arm-none.win32_1.13.1.201701261202/tools/compiler/bin/../lib/gcc/arm-none-eabi/5.4.1/armv7e-m/fpu/crti.o
 .ARM.attributes
                0x00000022       0x34 c:/ac6/systemworkbench/plugins/fr.ac6.mcu.externaltools.arm-none.win32_1.13.1.201701261202/tools/compiler/bin/../lib/gcc/arm-none-eabi/5.4.1/armv7e-m/fpu/crtbegin.o
 .ARM.attributes
                0x00000056       0x39 Drivers/STM32F4xx_HAL_Driver/Src/stm32f4xx_hal.o
 .ARM.attributes
                0x0000008f       0x39 Drivers/STM32F4xx_HAL_Driver/Src/stm32f4xx_hal_cortex.o
 .ARM.attributes
                0x000000c8       0x39 Drivers/STM32F4xx_HAL_Driver/Src/stm32f4xx_hal_gpio.o
 .ARM.attributes
                0x00000101       0x39 Drivers/STM32F4xx_HAL_Driver/Src/stm32f4xx_hal_rcc.o
 .ARM.attributes
                0x0000013a       0x39 Src/main.o
 .ARM.attributes
                0x00000173       0x39 Src/stm32f4xx_hal_msp.o
 .ARM.attributes
                0x000001ac       0x39 Src/system_stm32f4xx.o
 .ARM.attributes
                0x000001e5       0x39 Src/tm_stm32f4_delay.o
 .ARM.attributes
                0x0000021e       0x39 Src/tm_stm32f4_ds18b20.o
 .ARM.attributes
                0x00000257       0x39 Src/tm_stm32f4_gpio.o
 .ARM.attributes
                0x00000290       0x39 Src/tm_stm32f4_onewire.o
 .ARM.attributes
                0x000002c9       0x21 startup/startup_stm32f411xe.o
 .ARM.attributes
                0x000002ea       0x34 c:/ac6/systemworkbench/plugins/fr.ac6.mcu.externaltools.arm-none.win32_1.13.1.201701261202/tools/compiler/bin/../lib/gcc/arm-none-eabi/5.4.1/../../../../arm-none-eabi/lib/armv7e-m/fpu\libc_nano.a(lib_a-init.o)
 .ARM.attributes
                0x0000031e       0x22 c:/ac6/systemworkbench/plugins/fr.ac6.mcu.externaltools.arm-none.win32_1.13.1.201701261202/tools/compiler/bin/../lib/gcc/arm-none-eabi/5.4.1/armv7e-m/fpu/crtn.o
OUTPUT(TempSen.elf elf32-littlearm)

.debug_info     0x00000000     0x7751
 .debug_info    0x00000000      0x874 Drivers/STM32F4xx_HAL_Driver/Src/stm32f4xx_hal.o
 .debug_info    0x00000874      0xdef Drivers/STM32F4xx_HAL_Driver/Src/stm32f4xx_hal_cortex.o
 .debug_info    0x00001663      0x75a Drivers/STM32F4xx_HAL_Driver/Src/stm32f4xx_hal_gpio.o
 .debug_info    0x00001dbd      0xcc1 Drivers/STM32F4xx_HAL_Driver/Src/stm32f4xx_hal_rcc.o
 .debug_info    0x00002a7e     0x1043 Src/main.o
 .debug_info    0x00003ac1      0xa4f Src/stm32f4xx_hal_msp.o
 .debug_info    0x00004510      0x52a Src/system_stm32f4xx.o
 .debug_info    0x00004a3a      0x9f6 Src/tm_stm32f4_delay.o
 .debug_info    0x00005430      0xf21 Src/tm_stm32f4_ds18b20.o
 .debug_info    0x00006351      0x903 Src/tm_stm32f4_gpio.o
 .debug_info    0x00006c54      0xa7d Src/tm_stm32f4_onewire.o
 .debug_info    0x000076d1       0x80 startup/startup_stm32f411xe.o

.debug_abbrev   0x00000000     0x1a44
 .debug_abbrev  0x00000000      0x272 Drivers/STM32F4xx_HAL_Driver/Src/stm32f4xx_hal.o
 .debug_abbrev  0x00000272      0x332 Drivers/STM32F4xx_HAL_Driver/Src/stm32f4xx_hal_cortex.o
 .debug_abbrev  0x000005a4      0x1cb Drivers/STM32F4xx_HAL_Driver/Src/stm32f4xx_hal_gpio.o
 .debug_abbrev  0x0000076f      0x321 Drivers/STM32F4xx_HAL_Driver/Src/stm32f4xx_hal_rcc.o
 .debug_abbrev  0x00000a90      0x251 Src/main.o
 .debug_abbrev  0x00000ce1      0x19f Src/stm32f4xx_hal_msp.o
 .debug_abbrev  0x00000e80      0x104 Src/system_stm32f4xx.o
 .debug_abbrev  0x00000f84      0x34c Src/tm_stm32f4_delay.o
 .debug_abbrev  0x000012d0      0x2ae Src/tm_stm32f4_ds18b20.o
 .debug_abbrev  0x0000157e      0x1b8 Src/tm_stm32f4_gpio.o
 .debug_abbrev  0x00001736      0x2fc Src/tm_stm32f4_onewire.o
 .debug_abbrev  0x00001a32       0x12 startup/startup_stm32f411xe.o

.debug_loc      0x00000000     0x23b7
 .debug_loc     0x00000000       0x92 Drivers/STM32F4xx_HAL_Driver/Src/stm32f4xx_hal.o
 .debug_loc     0x00000092      0x4ab Drivers/STM32F4xx_HAL_Driver/Src/stm32f4xx_hal_cortex.o
 .debug_loc     0x0000053d      0x370 Drivers/STM32F4xx_HAL_Driver/Src/stm32f4xx_hal_gpio.o
 .debug_loc     0x000008ad      0x485 Drivers/STM32F4xx_HAL_Driver/Src/stm32f4xx_hal_rcc.o
 .debug_loc     0x00000d32       0xa3 Src/main.o
 .debug_loc     0x00000dd5       0xd7 Src/system_stm32f4xx.o
 .debug_loc     0x00000eac      0x276 Src/tm_stm32f4_delay.o
 .debug_loc     0x00001122      0x60f Src/tm_stm32f4_ds18b20.o
 .debug_loc     0x00001731      0x605 Src/tm_stm32f4_gpio.o
 .debug_loc     0x00001d36      0x681 Src/tm_stm32f4_onewire.o

.debug_aranges  0x00000000      0x4f8
 .debug_aranges
                0x00000000       0xb8 Drivers/STM32F4xx_HAL_Driver/Src/stm32f4xx_hal.o
 .debug_aranges
                0x000000b8       0x98 Drivers/STM32F4xx_HAL_Driver/Src/stm32f4xx_hal_cortex.o
 .debug_aranges
                0x00000150       0x58 Drivers/STM32F4xx_HAL_Driver/Src/stm32f4xx_hal_gpio.o
 .debug_aranges
                0x000001a8       0x80 Drivers/STM32F4xx_HAL_Driver/Src/stm32f4xx_hal_rcc.o
 .debug_aranges
                0x00000228       0x30 Src/main.o
 .debug_aranges
                0x00000258       0x30 Src/stm32f4xx_hal_msp.o
 .debug_aranges
                0x00000288       0x28 Src/system_stm32f4xx.o
 .debug_aranges
                0x000002b0       0x70 Src/tm_stm32f4_delay.o
 .debug_aranges
                0x00000320       0x70 Src/tm_stm32f4_ds18b20.o
 .debug_aranges
                0x00000390       0x98 Src/tm_stm32f4_gpio.o
 .debug_aranges
                0x00000428       0xa8 Src/tm_stm32f4_onewire.o
 .debug_aranges
                0x000004d0       0x28 startup/startup_stm32f411xe.o

.debug_ranges   0x00000000      0x708
 .debug_ranges  0x00000000       0xa8 Drivers/STM32F4xx_HAL_Driver/Src/stm32f4xx_hal.o
 .debug_ranges  0x000000a8      0x148 Drivers/STM32F4xx_HAL_Driver/Src/stm32f4xx_hal_cortex.o
 .debug_ranges  0x000001f0       0x70 Drivers/STM32F4xx_HAL_Driver/Src/stm32f4xx_hal_gpio.o
 .debug_ranges  0x00000260      0x150 Drivers/STM32F4xx_HAL_Driver/Src/stm32f4xx_hal_rcc.o
 .debug_ranges  0x000003b0       0x38 Src/main.o
 .debug_ranges  0x000003e8       0x20 Src/stm32f4xx_hal_msp.o
 .debug_ranges  0x00000408       0x18 Src/system_stm32f4xx.o
 .debug_ranges  0x00000420       0x60 Src/tm_stm32f4_delay.o
 .debug_ranges  0x00000480      0x108 Src/tm_stm32f4_ds18b20.o
 .debug_ranges  0x00000588       0xc8 Src/tm_stm32f4_gpio.o
 .debug_ranges  0x00000650       0x98 Src/tm_stm32f4_onewire.o
 .debug_ranges  0x000006e8       0x20 startup/startup_stm32f411xe.o

.debug_macro    0x00000000    0x162f8
 .debug_macro   0x00000000      0x364 Drivers/STM32F4xx_HAL_Driver/Src/stm32f4xx_hal.o
 .debug_macro   0x00000364      0x89e Drivers/STM32F4xx_HAL_Driver/Src/stm32f4xx_hal.o
 .debug_macro   0x00000c02       0x22 Drivers/STM32F4xx_HAL_Driver/Src/stm32f4xx_hal.o
 .debug_macro   0x00000c24      0x179 Drivers/STM32F4xx_HAL_Driver/Src/stm32f4xx_hal.o
 .debug_macro   0x00000d9d       0x33 Drivers/STM32F4xx_HAL_Driver/Src/stm32f4xx_hal.o
 .debug_macro   0x00000dd0       0x28 Drivers/STM32F4xx_HAL_Driver/Src/stm32f4xx_hal.o
 .debug_macro   0x00000df8       0x22 Drivers/STM32F4xx_HAL_Driver/Src/stm32f4xx_hal.o
 .debug_macro   0x00000e1a       0x87 Drivers/STM32F4xx_HAL_Driver/Src/stm32f4xx_hal.o
 .debug_macro   0x00000ea1       0x44 Drivers/STM32F4xx_HAL_Driver/Src/stm32f4xx_hal.o
 .debug_macro   0x00000ee5       0xfd Drivers/STM32F4xx_HAL_Driver/Src/stm32f4xx_hal.o
 .debug_macro   0x00000fe2       0x5e Drivers/STM32F4xx_HAL_Driver/Src/stm32f4xx_hal.o
 .debug_macro   0x00001040      0x1df Drivers/STM32F4xx_HAL_Driver/Src/stm32f4xx_hal.o
 .debug_macro   0x0000121f       0x35 Drivers/STM32F4xx_HAL_Driver/Src/stm32f4xx_hal.o
 .debug_macro   0x00001254       0x50 Drivers/STM32F4xx_HAL_Driver/Src/stm32f4xx_hal.o
 .debug_macro   0x000012a4      0xe66 Drivers/STM32F4xx_HAL_Driver/Src/stm32f4xx_hal.o
 .debug_macro   0x0000210a     0xb857 Drivers/STM32F4xx_HAL_Driver/Src/stm32f4xx_hal.o
 .debug_macro   0x0000d961       0x43 Drivers/STM32F4xx_HAL_Driver/Src/stm32f4xx_hal.o
 .debug_macro   0x0000d9a4     0x347f Drivers/STM32F4xx_HAL_Driver/Src/stm32f4xx_hal.o
 .debug_macro   0x00010e23       0x52 Drivers/STM32F4xx_HAL_Driver/Src/stm32f4xx_hal.o
 .debug_macro   0x00010e75       0x35 Drivers/STM32F4xx_HAL_Driver/Src/stm32f4xx_hal.o
 .debug_macro   0x00010eaa       0x9c Drivers/STM32F4xx_HAL_Driver/Src/stm32f4xx_hal.o
 .debug_macro   0x00010f46       0x16 Drivers/STM32F4xx_HAL_Driver/Src/stm32f4xx_hal.o
 .debug_macro   0x00010f5c       0x97 Drivers/STM32F4xx_HAL_Driver/Src/stm32f4xx_hal.o
 .debug_macro   0x00010ff3      0x30d Drivers/STM32F4xx_HAL_Driver/Src/stm32f4xx_hal.o
 .debug_macro   0x00011300       0xfd Drivers/STM32F4xx_HAL_Driver/Src/stm32f4xx_hal.o
 .debug_macro   0x000113fd       0x10 Drivers/STM32F4xx_HAL_Driver/Src/stm32f4xx_hal.o
 .debug_macro   0x0001140d       0x52 Drivers/STM32F4xx_HAL_Driver/Src/stm32f4xx_hal.o
 .debug_macro   0x0001145f       0x1f Drivers/STM32F4xx_HAL_Driver/Src/stm32f4xx_hal.o
 .debug_macro   0x0001147e       0x43 Drivers/STM32F4xx_HAL_Driver/Src/stm32f4xx_hal.o
 .debug_macro   0x000114c1       0x20 Drivers/STM32F4xx_HAL_Driver/Src/stm32f4xx_hal.o
 .debug_macro   0x000114e1      0x187 Drivers/STM32F4xx_HAL_Driver/Src/stm32f4xx_hal.o
 .debug_macro   0x00011668       0x10 Drivers/STM32F4xx_HAL_Driver/Src/stm32f4xx_hal.o
 .debug_macro   0x00011678       0x1c Drivers/STM32F4xx_HAL_Driver/Src/stm32f4xx_hal.o
 .debug_macro   0x00011694       0x52 Drivers/STM32F4xx_HAL_Driver/Src/stm32f4xx_hal.o
 .debug_macro   0x000116e6       0x40 Drivers/STM32F4xx_HAL_Driver/Src/stm32f4xx_hal.o
 .debug_macro   0x00011726       0x10 Drivers/STM32F4xx_HAL_Driver/Src/stm32f4xx_hal.o
 .debug_macro   0x00011736       0x40 Drivers/STM32F4xx_HAL_Driver/Src/stm32f4xx_hal.o
 .debug_macro   0x00011776       0xd7 Drivers/STM32F4xx_HAL_Driver/Src/stm32f4xx_hal.o
 .debug_macro   0x0001184d       0x16 Drivers/STM32F4xx_HAL_Driver/Src/stm32f4xx_hal.o
 .debug_macro   0x00011863      0x18b Drivers/STM32F4xx_HAL_Driver/Src/stm32f4xx_hal.o
 .debug_macro   0x000119ee       0x50 Drivers/STM32F4xx_HAL_Driver/Src/stm32f4xx_hal.o
 .debug_macro   0x00011a3e      0x45c Drivers/STM32F4xx_HAL_Driver/Src/stm32f4xx_hal.o
 .debug_macro   0x00011e9a      0x9e1 Drivers/STM32F4xx_HAL_Driver/Src/stm32f4xx_hal.o
 .debug_macro   0x0001287b      0x11e Drivers/STM32F4xx_HAL_Driver/Src/stm32f4xx_hal.o
 .debug_macro   0x00012999      0x11b Drivers/STM32F4xx_HAL_Driver/Src/stm32f4xx_hal.o
 .debug_macro   0x00012ab4       0x27 Drivers/STM32F4xx_HAL_Driver/Src/stm32f4xx_hal.o
 .debug_macro   0x00012adb      0x287 Drivers/STM32F4xx_HAL_Driver/Src/stm32f4xx_hal.o
 .debug_macro   0x00012d62       0x5f Drivers/STM32F4xx_HAL_Driver/Src/stm32f4xx_hal.o
 .debug_macro   0x00012dc1      0x23a Drivers/STM32F4xx_HAL_Driver/Src/stm32f4xx_hal.o
 .debug_macro   0x00012ffb      0x13a Drivers/STM32F4xx_HAL_Driver/Src/stm32f4xx_hal.o
 .debug_macro   0x00013135      0x264 Drivers/STM32F4xx_HAL_Driver/Src/stm32f4xx_hal.o
 .debug_macro   0x00013399       0x2e Drivers/STM32F4xx_HAL_Driver/Src/stm32f4xx_hal.o
 .debug_macro   0x000133c7      0x11e Drivers/STM32F4xx_HAL_Driver/Src/stm32f4xx_hal.o
 .debug_macro   0x000134e5       0x85 Drivers/STM32F4xx_HAL_Driver/Src/stm32f4xx_hal.o
 .debug_macro   0x0001356a       0x89 Drivers/STM32F4xx_HAL_Driver/Src/stm32f4xx_hal.o
 .debug_macro   0x000135f3      0x6d9 Drivers/STM32F4xx_HAL_Driver/Src/stm32f4xx_hal.o
 .debug_macro   0x00013ccc       0x5b Drivers/STM32F4xx_HAL_Driver/Src/stm32f4xx_hal.o
 .debug_macro   0x00013d27      0x14d Drivers/STM32F4xx_HAL_Driver/Src/stm32f4xx_hal.o
 .debug_macro   0x00013e74      0x11e Drivers/STM32F4xx_HAL_Driver/Src/stm32f4xx_hal.o
 .debug_macro   0x00013f92      0x304 Drivers/STM32F4xx_HAL_Driver/Src/stm32f4xx_hal_cortex.o
 .debug_macro   0x00014296      0x33c Drivers/STM32F4xx_HAL_Driver/Src/stm32f4xx_hal_gpio.o
 .debug_macro   0x000145d2      0x32e Drivers/STM32F4xx_HAL_Driver/Src/stm32f4xx_hal_rcc.o
 .debug_macro   0x00014900      0x390 Src/main.o
 .debug_macro   0x00014c90       0x16 Src/main.o
 .debug_macro   0x00014ca6       0x35 Src/main.o
 .debug_macro   0x00014cdb       0x16 Src/main.o
 .debug_macro   0x00014cf1       0x29 Src/main.o
 .debug_macro   0x00014d1a       0x35 Src/main.o
 .debug_macro   0x00014d4f       0xc0 Src/main.o
 .debug_macro   0x00014e0f       0x5e Src/main.o
 .debug_macro   0x00014e6d       0x4a Src/main.o
 .debug_macro   0x00014eb7      0x304 Src/stm32f4xx_hal_msp.o
 .debug_macro   0x000151bb      0x30a Src/system_stm32f4xx.o
 .debug_macro   0x000154c5      0x35f Src/tm_stm32f4_delay.o
 .debug_macro   0x00015824      0x384 Src/tm_stm32f4_ds18b20.o
 .debug_macro   0x00015ba8      0x31d Src/tm_stm32f4_gpio.o
 .debug_macro   0x00015ec5       0xba Src/tm_stm32f4_gpio.o
 .debug_macro   0x00015f7f      0x379 Src/tm_stm32f4_onewire.o

.debug_line     0x00000000     0x67e3
 .debug_line    0x00000000      0x94c Drivers/STM32F4xx_HAL_Driver/Src/stm32f4xx_hal.o
 .debug_line    0x0000094c      0x9c1 Drivers/STM32F4xx_HAL_Driver/Src/stm32f4xx_hal_cortex.o
 .debug_line    0x0000130d      0x976 Drivers/STM32F4xx_HAL_Driver/Src/stm32f4xx_hal_gpio.o
 .debug_line    0x00001c83      0xafa Drivers/STM32F4xx_HAL_Driver/Src/stm32f4xx_hal_rcc.o
 .debug_line    0x0000277d      0x8b5 Src/main.o
 .debug_line    0x00003032      0x7ec Src/stm32f4xx_hal_msp.o
 .debug_line    0x0000381e      0x7ee Src/system_stm32f4xx.o
 .debug_line    0x0000400c      0x942 Src/tm_stm32f4_delay.o
 .debug_line    0x0000494e      0xa01 Src/tm_stm32f4_ds18b20.o
 .debug_line    0x0000534f      0x994 Src/tm_stm32f4_gpio.o
 .debug_line    0x00005ce3      0xa81 Src/tm_stm32f4_onewire.o
 .debug_line    0x00006764       0x7f startup/startup_stm32f411xe.o

.debug_str      0x00000000    0x83fc1
 .debug_str     0x00000000    0x81d61 Drivers/STM32F4xx_HAL_Driver/Src/stm32f4xx_hal.o
                              0x820e5 (size before relaxing)
 .debug_str     0x00081d61      0x38d Drivers/STM32F4xx_HAL_Driver/Src/stm32f4xx_hal_cortex.o
                              0x81e78 (size before relaxing)
 .debug_str     0x000820ee      0x2e2 Drivers/STM32F4xx_HAL_Driver/Src/stm32f4xx_hal_gpio.o
                              0x81a0c (size before relaxing)
 .debug_str     0x000823d0      0x38e Drivers/STM32F4xx_HAL_Driver/Src/stm32f4xx_hal_rcc.o
                              0x81b9b (size before relaxing)
 .debug_str     0x0008275e     0x1010 Src/main.o
                              0x82d2a (size before relaxing)
 .debug_str     0x0008376e       0x5d Src/stm32f4xx_hal_msp.o
                              0x81ed0 (size before relaxing)
 .debug_str     0x000837cb       0x5d Src/system_stm32f4xx.o
                              0x81794 (size before relaxing)
 .debug_str     0x00083828      0x1da Src/tm_stm32f4_delay.o
                              0x81e77 (size before relaxing)
 .debug_str     0x00083a02      0x17b Src/tm_stm32f4_ds18b20.o
                              0x8233a (size before relaxing)
 .debug_str     0x00083b7d      0x2d0 Src/tm_stm32f4_gpio.o
                              0x81e88 (size before relaxing)
 .debug_str     0x00083e4d      0x174 Src/tm_stm32f4_onewire.o
                              0x822fe (size before relaxing)

.comment        0x00000000       0x6e
 .comment       0x00000000       0x6e Drivers/STM32F4xx_HAL_Driver/Src/stm32f4xx_hal.o
                                 0x6f (size before relaxing)
 .comment       0x0000006e       0x6f Drivers/STM32F4xx_HAL_Driver/Src/stm32f4xx_hal_cortex.o
 .comment       0x0000006e       0x6f Drivers/STM32F4xx_HAL_Driver/Src/stm32f4xx_hal_gpio.o
 .comment       0x0000006e       0x6f Drivers/STM32F4xx_HAL_Driver/Src/stm32f4xx_hal_rcc.o
 .comment       0x0000006e       0x6f Src/main.o
 .comment       0x0000006e       0x6f Src/stm32f4xx_hal_msp.o
 .comment       0x0000006e       0x6f Src/system_stm32f4xx.o
 .comment       0x0000006e       0x6f Src/tm_stm32f4_delay.o
 .comment       0x0000006e       0x6f Src/tm_stm32f4_ds18b20.o
 .comment       0x0000006e       0x6f Src/tm_stm32f4_gpio.o
 .comment       0x0000006e       0x6f Src/tm_stm32f4_onewire.o

.debug_frame    0x00000000      0xb9c
 .debug_frame   0x00000000      0x184 Drivers/STM32F4xx_HAL_Driver/Src/stm32f4xx_hal.o
 .debug_frame   0x00000184      0x130 Drivers/STM32F4xx_HAL_Driver/Src/stm32f4xx_hal_cortex.o
 .debug_frame   0x000002b4       0xd4 Drivers/STM32F4xx_HAL_Driver/Src/stm32f4xx_hal_gpio.o
 .debug_frame   0x00000388      0x138 Drivers/STM32F4xx_HAL_Driver/Src/stm32f4xx_hal_rcc.o
 .debug_frame   0x000004c0       0x60 Src/main.o
 .debug_frame   0x00000520       0x54 Src/stm32f4xx_hal_msp.o
 .debug_frame   0x00000574       0x30 Src/system_stm32f4xx.o
 .debug_frame   0x000005a4       0xfc Src/tm_stm32f4_delay.o
 .debug_frame   0x000006a0      0x138 Src/tm_stm32f4_ds18b20.o
 .debug_frame   0x000007d8      0x1cc Src/tm_stm32f4_gpio.o
 .debug_frame   0x000009a4      0x1cc Src/tm_stm32f4_onewire.o
 .debug_frame   0x00000b70       0x2c c:/ac6/systemworkbench/plugins/fr.ac6.mcu.externaltools.arm-none.win32_1.13.1.201701261202/tools/compiler/bin/../lib/gcc/arm-none-eabi/5.4.1/../../../../arm-none-eabi/lib/armv7e-m/fpu\libc_nano.a(lib_a-init.o)
